src/application/protocols/db/load-user-by-id-repository.ts(1,10): error TS2305: Module '"@/domain/usecases/load-users"' has no exported member 'UserWithLogin'.
src/application/usecases/db-load-user-by-id.ts(2,10): error TS2305: Module '"@/domain/usecases/load-users"' has no exported member 'UserWithLogin'.
src/domain/usecases/load-user-by-id.ts(1,10): error TS2305: Module '"@/domain/usecases/load-users"' has no exported member 'UserWithLogin'.
src/infra/db/typeorm/neighborhood-repository.ts(10,5): error TS2322: Type 'Neighborhood | undefined' is not assignable to type 'NeighborhoodModel | undefined'.
  Property 'cityId' is missing in type 'Neighborhood' but required in type 'NeighborhoodModel'.
src/infra/db/typeorm/neighborhood-repository.ts(15,31): error TS2769: No overload matches this call.
  Overload 1 of 3, '(entityLikeArray: DeepPartial<Neighborhood>[]): Neighborhood[]', gave the following error.
    Object literal may only specify known properties, and 'name' does not exist in type 'DeepPartial<Neighborhood>[]'.
  Overload 2 of 3, '(entityLike: DeepPartial<Neighborhood>): Neighborhood', gave the following error.
    Object literal may only specify known properties, but 'created_at' does not exist in type 'DeepPartial<Neighborhood>'. Did you mean to write 'createdAt'?
src/infra/db/typeorm/neighborhood-repository.ts(21,5): error TS2739: Type 'Neighborhood[]' is missing the following properties from type 'NeighborhoodModel': id, name, cityId
src/main/factories/controllers/user/add-user-login/add-user-login-controller-factory.ts(12,60): error TS2345: Argument of type 'LoginTypeOrmRepository' is not assignable to parameter of type 'AddLoginRepository'.
  Property 'add' is missing in type 'LoginTypeOrmRepository' but required in type 'AddLoginRepository'.
src/main/routes/neighborhood-routes.ts(4,27): error TS2307: Cannot find module '@/main/middlewares/admin-auth' or its corresponding type declarations.
src/presentation/controllers/add-neighborhood-controller.ts(30,26): error TS2345: Argument of type 'unknown' is not assignable to parameter of type 'Error'.
src/presentation/controllers/user/add-user-login-controller.ts(51,22): error TS2551: Property 'value' does not exist on type 'LoginId'. Did you mean 'valueOf'?
src/presentation/controllers/user/add-user-login-controller.ts(52,30): error TS2551: Property 'value' does not exist on type 'UserId'. Did you mean 'valueOf'?
src/presentation/controllers/user/add-user-login-controller.ts(53,15): error TS18048: 'login.role' is possibly 'undefined'.
src/presentation/controllers/user/add-user-login-controller.ts(53,26): error TS2551: Property 'value' does not exist on type 'string'. Did you mean 'valueOf'?
src/presentation/controllers/user/add-user-login-controller.ts(54,23): error TS2339: Property 'status' does not exist on type 'LoginModel'.
