node.exe : FAIL 
tests/domain/value-objects/password.spec.ts
At line:1 char:1
+ & "C:\Program Files\nodejs/node.exe" 
"C:\Program Files\nodejs/node_mo ...
+ ~~~~~~~~~~~~~~~~~~~~~~~~~~~~~~~~~~~~~~~~~~~~
~~~~~~~~~~~~~~~~~~~~~~~~~
    + CategoryInfo          : NotSpecified: ( 
   FAIL tests/doma...assword.spec.ts:String)  
   [], RemoteException
    + FullyQualifiedErrorId : NativeCommandEr 
   ror
 
  Password Value Object
    Validation Rules (RN01)
      ├ù Should return error if password is 
empty (2 ms)
      ├ù Should return error if password is 
less than 8 characters (1 ms)
      ├ù Should return error if password has 
no uppercase letter (1 ms)
      ├ù Should return error if password has 
no number
      ├ù Should return error if password has 
no special character
      ÔêÜ Should create valid password with 
all requirements met (2 ms)
      ÔêÜ Should accept various special 
characters (1 ms)

  ÔùÅ Password Value Object ÔÇ║ Validation 
Rules (RN01) ÔÇ║ Should return error if 
password is empty

    TypeError: 
invalid_password_error_1.InvalidPasswordError 
is not a constructor

    [0m [90m 14 |[39m   [36mprivate[39m 
[36mstatic[39m validate(password[33m:[39m 
string)[33m:[39m 
[33mInvalidPasswordError[39m [33m|[39m 
[36mnull[39m {
     [90m 15 |[39m     [36mif[39m 
([33m![39mpassword) {
    [31m[1m>[22m[39m[90m 16 |[39m       
[36mreturn[39m [36mnew[39m 
[33mInvalidPasswordError[39m([32m'Password 
is required'[39m)
     [90m    |[39m              
[31m[1m^[22m[39m
     [90m 17 |[39m     }
     [90m 18 |[39m     [36mif[39m 
(password[33m.[39mlength [33m<[39m 
[35m8[39m) {
     [90m 19 |[39m       [36mreturn[39m 
[36mnew[39m 
[33mInvalidPasswordError[39m([32m'Password 
must have at least 8 characters'[39m)[0m

      at Password.validate 
(src/domain/value-objects/password.ts:16:14)
      at Password.create 
(src/domain/value-objects/password.ts:7:39)
      at Object.<anonymous> (tests/domain/valu
e-objects/password.spec.ts:7:28)

  ÔùÅ Password Value Object ÔÇ║ Validation 
Rules (RN01) ÔÇ║ Should return error if 
password is less than 8 characters

    TypeError: 
invalid_password_error_1.InvalidPasswordError 
is not a constructor

    [0m [90m 17 |[39m     }
     [90m 18 |[39m     [36mif[39m 
(password[33m.[39mlength [33m<[39m 
[35m8[39m) {
    [31m[1m>[22m[39m[90m 19 |[39m       
[36mreturn[39m [36mnew[39m 
[33mInvalidPasswordError[39m([32m'Password 
must have at least 8 characters'[39m)
     [90m    |[39m              
[31m[1m^[22m[39m
     [90m 20 |[39m     }
     [90m 21 |[39m     [36mif[39m ([33m!
[39m[35m/[A-Z]/[39m[33m.[39mtest(password)
) {
     [90m 22 |[39m       [36mreturn[39m 
[36mnew[39m 
[33mInvalidPasswordError[39m([32m'Password 
must have at least 1 uppercase 
letter'[39m)[0m

      at Password.validate 
(src/domain/value-objects/password.ts:19:14)
      at Password.create 
(src/domain/value-objects/password.ts:7:39)
      at Object.<anonymous> (tests/domain/valu
e-objects/password.spec.ts:13:28)

  ÔùÅ Password Value Object ÔÇ║ Validation 
Rules (RN01) ÔÇ║ Should return error if 
password has no uppercase letter

    TypeError: 
invalid_password_error_1.InvalidPasswordError 
is not a constructor

    [0m [90m 20 |[39m     }
     [90m 21 |[39m     [36mif[39m ([33m!
[39m[35m/[A-Z]/[39m[33m.[39mtest(password)
) {
    [31m[1m>[22m[39m[90m 22 |[39m       
[36mreturn[39m [36mnew[39m 
[33mInvalidPasswordError[39m([32m'Password 
must have at least 1 uppercase letter'[39m)
     [90m    |[39m              
[31m[1m^[22m[39m
     [90m 23 |[39m     }
     [90m 24 |[39m     [36mif[39m ([33m!
[39m[35m/[0-9]/[39m[33m.[39mtest(password)
) {
     [90m 25 |[39m       [36mreturn[39m 
[36mnew[39m 
[33mInvalidPasswordError[39m([32m'Password 
must have at least 1 number'[39m)[0m

      at Password.validate 
(src/domain/value-objects/password.ts:22:14)
      at Password.create 
(src/domain/value-objects/password.ts:7:39)
      at Object.<anonymous> (tests/domain/valu
e-objects/password.spec.ts:19:28)

  ÔùÅ Password Value Object ÔÇ║ Validation 
Rules (RN01) ÔÇ║ Should return error if 
password has no number

    TypeError: 
invalid_password_error_1.InvalidPasswordError 
is not a constructor

    [0m [90m 23 |[39m     }
     [90m 24 |[39m     [36mif[39m ([33m!
[39m[35m/[0-9]/[39m[33m.[39mtest(password)
) {
    [31m[1m>[22m[39m[90m 25 |[39m       
[36mreturn[39m [36mnew[39m 
[33mInvalidPasswordError[39m([32m'Password 
must have at least 1 number'[39m)
     [90m    |[39m              
[31m[1m^[22m[39m
     [90m 26 |[39m     }
     [90m 27 |[39m     [36mif[39m ([33m!
[39m[35m/[!@#$%^&*(),.?":{}|<>]/[39m[33m.[
39mtest(password)) {
     [90m 28 |[39m       [36mreturn[39m 
[36mnew[39m 
[33mInvalidPasswordError[39m([32m'Password 
must have at least 1 special 
character'[39m)[0m

      at Password.validate 
(src/domain/value-objects/password.ts:25:14)
      at Password.create 
(src/domain/value-objects/password.ts:7:39)
      at Object.<anonymous> (tests/domain/valu
e-objects/password.spec.ts:25:28)

  ÔùÅ Password Value Object ÔÇ║ Validation 
Rules (RN01) ÔÇ║ Should return error if 
password has no special character

    TypeError: 
invalid_password_error_1.InvalidPasswordError 
is not a constructor

    [0m [90m 26 |[39m     }
     [90m 27 |[39m     [36mif[39m ([33m!
[39m[35m/[!@#$%^&*(),.?":{}|<>]/[39m[33m.[
39mtest(password)) {
    [31m[1m>[22m[39m[90m 28 |[39m       
[36mreturn[39m [36mnew[39m 
[33mInvalidPasswordError[39m([32m'Password 
must have at least 1 special character'[39m)
     [90m    |[39m              
[31m[1m^[22m[39m
     [90m 29 |[39m     }
     [90m 30 |[39m     [36mreturn[39m 
[36mnull[39m
     [90m 31 |[39m   }[0m

      at Password.validate 
(src/domain/value-objects/password.ts:28:14)
      at Password.create 
(src/domain/value-objects/password.ts:7:39)
      at Object.<anonymous> (tests/domain/valu
e-objects/password.spec.ts:31:28)

Test Suites: 1 failed, 1 total
Tests:       5 failed, 2 passed, 7 total
Snapshots:   0 total
Time:        0.588 s, estimated 1 s
Ran all test suites matching 
tests/domain/value-objects/password.spec.ts.
