node.exe : FAIL 
src/presentation/controllers/add-neighborhood-controller.spec.ts
At line:1 char:1
+ & "C:\Program Files\nodejs/node.exe" "C:\Program 
Files\nodejs/node_mo ...
+ 
~~~~~~~~~~~~~~~~~~~~~~~~~~~~~~~~~~~~~~~~~~~~~~~~~~~~~~~~~~~~~~~~~~~~~
    + CategoryInfo          : NotSpecified: (FAIL src/presen...trolle 
   r.spec.ts:String) [], RemoteException
    + FullyQualifiedErrorId : NativeCommandError
 
  AddNeighborhood Controller
    ├ù Should return 400 if validation fails (13 ms)
    ÔêÜ Should call AddNeighborhood with correct values (2 ms)
    ├ù Should return 500 if AddNeighborhood throws (7 ms)
    ÔêÜ Should return 200 on success (1 ms)

  ÔùÅ AddNeighborhood Controller ÔÇ║ Should return 400 if validation 
fails

    expect(received).toEqual(expected) // deep equality

    - Expected  - 1
    + Received  + 1

    @@ -2,10 +2,10 @@
        "body": Object {
          "error": Object {
            "code": "BAD_REQUEST",
            "details": undefined,
            "message": "Invalid request",
    -       "timestamp": "2025-12-31T23:19:24.189Z",
    +       "timestamp": "2025-12-31T23:19:24.187Z",
          },
        },
        "statusCode": 400,
      }

    [0m [90m 42 |[39m     }
     [90m 43 |[39m     [36mconst[39m httpResponse [33m=[39m 
[36mawait[39m sut[33m.[39mhandle(httpRequest)
    [31m[1m>[22m[39m[90m 44 |[39m     expect(httpResponse)[33m.
[39mtoEqual(badRequest(expect[33m.[39many([33mError[39m)))
     [90m    |[39m                          [31m[1m^[22m[39m
     [90m 45 |[39m   })
     [90m 46 |[39m
     [90m 47 |[39m   test([32m'Should call AddNeighborhood with 
correct values'[39m[33m,[39m [36masync[39m () [33m=>[39m {[0m

      at Object.<anonymous> (src/presentation/controllers/add-neighbor
hood-controller.spec.ts:44:26)

  ÔùÅ AddNeighborhood Controller ÔÇ║ Should return 500 if 
AddNeighborhood throws

    expect(received).toEqual(expected) // deep equality

    - Expected  - 1
    + Received  + 1

    @@ -2,10 +2,10 @@
        "body": Object {
          "error": Object {
            "code": "INTERNAL_ERROR",
            "details": undefined,
            "message": "Internal server error",
    -       "timestamp": "2025-12-31T23:19:24.207Z",
    +       "timestamp": "2025-12-31T23:19:24.206Z",
          },
        },
        "statusCode": 500,
      }

    [0m [90m 73 |[39m     }
     [90m 74 |[39m     [36mconst[39m httpResponse [33m=[39m 
[36mawait[39m sut[33m.[39mhandle(httpRequest)
    [31m[1m>[22m[39m[90m 75 |[39m     
expect(httpResponse)[33m.[39mtoEqual(serverError([36mnew[39m 
[33mError[39m()))
     [90m    |[39m                          [31m[1m^[22m[39m
     [90m 76 |[39m   })
     [90m 77 |[39m
     [90m 78 |[39m   test([32m'Should return 200 on 
success'[39m[33m,[39m [36masync[39m () [33m=>[39m {[0m

      at Object.<anonymous> (src/presentation/controllers/add-neighbor
hood-controller.spec.ts:75:26)

Test Suites: 1 failed, 1 total
Tests:       2 failed, 2 passed, 4 total
Snapshots:   0 total
Time:        0.778 s, estimated 1 s
Ran all test suites matching 
src/presentation/controllers/add-neighborhood-controller.spec.ts.
